[2025-03-05T08:58:07.550Z] info  code-server 4.97.2 34b8d2ed69811c3315a465f01492e9448c9254aa
[2025-03-05T08:58:07.598Z] info  Using user-data-dir /home/debian/.local/share/code-server
[2025-03-05T08:58:07.810Z] info  Using config file /home/debian/.config/code-server/config.yaml
[2025-03-05T08:58:07.810Z] info  HTTPS server listening on https://0.0.0.0:3000/
[2025-03-05T08:58:07.812Z] info    - Authentication is disabled
[2025-03-05T08:58:07.813Z] info    - Using certificate for HTTPS: /home/debian/.local/share/code-server/localhost.crt
[2025-03-05T08:58:07.813Z] info  Session server listening on /home/debian/.local/share/code-server/code-server-ipc.sock
[2025-04-07T00:53:26.236Z] info  code-server 4.97.2 34b8d2ed69811c3315a465f01492e9448c9254aa
[2025-04-07T00:53:26.276Z] info  Using user-data-dir /home/debian/.local/share/code-server
[2025-04-07T00:53:26.517Z] info  Using config file /home/debian/.config/code-server/config.yaml
[2025-04-07T00:53:26.517Z] info  HTTPS server listening on https://0.0.0.0:3000/
[2025-04-07T00:53:26.518Z] info    - Authentication is disabled
[2025-04-07T00:53:26.519Z] info    - Using certificate for HTTPS: /home/debian/.local/share/code-server/localhost.crt
[2025-04-07T00:53:26.519Z] info  Session server listening on /home/debian/.local/share/code-server/code-server-ipc.sock
[2025-04-07T00:59:05.430Z] info  code-server 4.97.2 34b8d2ed69811c3315a465f01492e9448c9254aa
[2025-04-07T00:59:05.473Z] info  Using user-data-dir /home/debian/.local/share/code-server
[2025-04-07T00:59:05.747Z] info  Using config file /home/debian/.config/code-server/config.yaml
[2025-04-07T00:59:05.748Z] info  HTTPS server listening on https://0.0.0.0:3000/
[2025-04-07T00:59:05.748Z] info    - Authentication is disabled
[2025-04-07T00:59:05.748Z] info    - Using certificate for HTTPS: /home/debian/.local/share/code-server/localhost.crt
[2025-04-07T00:59:05.749Z] info  Session server listening on /home/debian/.local/share/code-server/code-server-ipc.sock
[2025-04-07T01:13:40.275Z] info  code-server 4.97.2 34b8d2ed69811c3315a465f01492e9448c9254aa
[2025-04-07T01:13:40.315Z] info  Using user-data-dir /home/beagle/.local/share/code-server
[2025-04-07T01:13:40.565Z] info  Using config file /home/beagle/.config/code-server/config.yaml
[2025-04-07T01:13:40.565Z] info  HTTPS server listening on https://0.0.0.0:3000/
[2025-04-07T01:13:40.566Z] info    - Authentication is disabled
[2025-04-07T01:13:40.566Z] info    - Using certificate for HTTPS: /home/beagle/.local/share/code-server/localhost.crt
[2025-04-07T01:13:40.566Z] info  Session server listening on /home/beagle/.local/share/code-server/code-server-ipc.sock
[2025-04-07T01:17:04.088Z] info  code-server 4.97.2 34b8d2ed69811c3315a465f01492e9448c9254aa
[2025-04-07T01:17:04.140Z] info  Using user-data-dir /home/beagle/.local/share/code-server
[2025-04-07T01:17:04.363Z] info  Using config file /home/beagle/.config/code-server/config.yaml
[2025-04-07T01:17:04.363Z] info  HTTPS server listening on https://0.0.0.0:3000/
[2025-04-07T01:17:04.363Z] info    - Authentication is disabled
[2025-04-07T01:17:04.364Z] info    - Using certificate for HTTPS: /home/beagle/.local/share/code-server/localhost.crt
[2025-04-07T01:17:04.364Z] info  Session server listening on /home/beagle/.local/share/code-server/code-server-ipc.sock
[2025-04-07T01:20:37.737Z] info  code-server 4.97.2 34b8d2ed69811c3315a465f01492e9448c9254aa
[2025-04-07T01:20:37.789Z] info  Using user-data-dir /home/beagle/.local/share/code-server
[2025-04-07T01:20:38.001Z] info  Using config file /home/beagle/.config/code-server/config.yaml
[2025-04-07T01:20:38.001Z] info  HTTPS server listening on https://0.0.0.0:3000/
[2025-04-07T01:20:38.002Z] info    - Authentication is disabled
[2025-04-07T01:20:38.002Z] info    - Using certificate for HTTPS: /home/beagle/.local/share/code-server/localhost.crt
[2025-04-07T01:20:38.002Z] info  Session server listening on /home/beagle/.local/share/code-server/code-server-ipc.sock
[2025-04-07T01:36:45.187Z] info  code-server 4.97.2 34b8d2ed69811c3315a465f01492e9448c9254aa
[2025-04-07T01:36:45.266Z] info  Using user-data-dir /home/tspaa/.local/share/code-server
[2025-04-07T01:36:45.470Z] info  Using config file /home/tspaa/.config/code-server/config.yaml
[2025-04-07T01:36:45.471Z] info  HTTPS server listening on https://0.0.0.0:3000/
[2025-04-07T01:36:45.471Z] info    - Authentication is disabled
[2025-04-07T01:36:45.471Z] info    - Using certificate for HTTPS: /home/tspaa/.local/share/code-server/localhost.crt
[2025-04-07T01:36:45.472Z] info  Session server listening on /home/tspaa/.local/share/code-server/code-server-ipc.sock
[2025-04-07T01:46:05.303Z] info  code-server 4.97.2 34b8d2ed69811c3315a465f01492e9448c9254aa
[2025-04-07T01:46:05.343Z] info  Using user-data-dir /home/tspaa/.local/share/code-server
[2025-04-07T01:46:05.551Z] info  Using config file /home/tspaa/.config/code-server/config.yaml
[2025-04-07T01:46:05.552Z] info  HTTPS server listening on https://0.0.0.0:3000/
[2025-04-07T01:46:05.555Z] info    - Authentication is disabled
[2025-04-07T01:46:05.556Z] info    - Using certificate for HTTPS: /home/tspaa/.local/share/code-server/localhost.crt
[2025-04-07T01:46:05.557Z] info  Session server listening on /home/tspaa/.local/share/code-server/code-server-ipc.sock
[2025-04-07T03:14:42.859Z] info  code-server 4.97.2 34b8d2ed69811c3315a465f01492e9448c9254aa
[2025-04-07T03:14:42.906Z] info  Using user-data-dir /home/tspaa/.local/share/code-server
[2025-04-07T03:14:43.124Z] info  Using config file /home/tspaa/.config/code-server/config.yaml
[2025-04-07T03:14:43.125Z] info  HTTPS server listening on https://0.0.0.0:3000/
[2025-04-07T03:14:43.126Z] info    - Authentication is disabled
[2025-04-07T03:14:43.126Z] info    - Using certificate for HTTPS: /home/tspaa/.local/share/code-server/localhost.crt
[2025-04-07T03:14:43.126Z] info  Session server listening on /home/tspaa/.local/share/code-server/code-server-ipc.sock
[2025-04-07T03:29:43.447Z] info  code-server 4.97.2 34b8d2ed69811c3315a465f01492e9448c9254aa
[2025-04-07T03:29:43.493Z] info  Using user-data-dir /home/tspaa/.local/share/code-server
[2025-04-07T03:29:43.714Z] info  Using config file /home/tspaa/.config/code-server/config.yaml
[2025-04-07T03:29:43.715Z] info  HTTPS server listening on https://0.0.0.0:3000/
[2025-04-07T03:29:43.715Z] info    - Authentication is disabled
[2025-04-07T03:29:43.715Z] info    - Using certificate for HTTPS: /home/tspaa/.local/share/code-server/localhost.crt
[2025-04-07T03:29:43.715Z] info  Session server listening on /home/tspaa/.local/share/code-server/code-server-ipc.sock
[2025-04-07T08:19:03.118Z] info  code-server 4.97.2 34b8d2ed69811c3315a465f01492e9448c9254aa
[2025-04-07T08:19:03.172Z] info  Using user-data-dir /home/tspaa/.local/share/code-server
[2025-04-07T08:19:03.403Z] info  Using config file /home/tspaa/.config/code-server/config.yaml
[2025-04-07T08:19:03.405Z] info  HTTPS server listening on https://0.0.0.0:3000/
[2025-04-07T08:19:03.407Z] info    - Authentication is disabled
[2025-04-07T08:19:03.408Z] info    - Using certificate for HTTPS: /home/tspaa/.local/share/code-server/localhost.crt
[2025-04-07T08:19:03.408Z] info  Session server listening on /home/tspaa/.local/share/code-server/code-server-ipc.sock
[2025-04-07T08:21:21.849Z] info  code-server 4.97.2 34b8d2ed69811c3315a465f01492e9448c9254aa
[2025-04-07T08:21:21.894Z] info  Using user-data-dir /home/ucu/.local/share/code-server
[2025-04-07T08:21:22.098Z] info  Using config file /home/ucu/.config/code-server/config.yaml
[2025-04-07T08:21:22.099Z] info  HTTPS server listening on https://0.0.0.0:3000/
[2025-04-07T08:21:22.099Z] info    - Authentication is disabled
[2025-04-07T08:21:22.100Z] info    - Using certificate for HTTPS: /home/ucu/.local/share/code-server/localhost.crt
[2025-04-07T08:21:22.100Z] info  Session server listening on /home/ucu/.local/share/code-server/code-server-ipc.sock
[2025-04-07T08:32:03.872Z] info  code-server 4.97.2 34b8d2ed69811c3315a465f01492e9448c9254aa
[2025-04-07T08:32:03.919Z] info  Using user-data-dir /home/ucu/.local/share/code-server
[2025-04-07T08:32:04.137Z] info  Using config file /home/ucu/.config/code-server/config.yaml
[2025-04-07T08:32:04.139Z] info  HTTPS server listening on https://0.0.0.0:3000/
[2025-04-07T08:32:04.141Z] info    - Authentication is disabled
[2025-04-07T08:32:04.142Z] info    - Using certificate for HTTPS: /home/ucu/.local/share/code-server/localhost.crt
[2025-04-07T08:32:04.142Z] info  Session server listening on /home/ucu/.local/share/code-server/code-server-ipc.sock
[2025-04-08T11:37:50.489Z] info  code-server 4.97.2 34b8d2ed69811c3315a465f01492e9448c9254aa
[2025-04-08T11:37:50.533Z] info  Using user-data-dir /home/ucu/.local/share/code-server
[2025-04-08T11:37:50.755Z] info  Using config file /home/ucu/.config/code-server/config.yaml
[2025-04-08T11:37:50.759Z] info  HTTPS server listening on https://0.0.0.0:3000/
[2025-04-08T11:37:50.760Z] info    - Authentication is disabled
[2025-04-08T11:37:50.761Z] info    - Using certificate for HTTPS: /home/ucu/.local/share/code-server/localhost.crt
[2025-04-08T11:37:50.763Z] info  Session server listening on /home/ucu/.local/share/code-server/code-server-ipc.sock
[2025-04-08T12:04:15.128Z] info  code-server 4.97.2 34b8d2ed69811c3315a465f01492e9448c9254aa
[2025-04-08T12:04:15.169Z] info  Using user-data-dir /home/ucu/.local/share/code-server
[2025-04-08T12:04:15.381Z] info  Using config file /home/ucu/.config/code-server/config.yaml
[2025-04-08T12:04:15.382Z] info  HTTPS server listening on https://0.0.0.0:3000/
[2025-04-08T12:04:15.383Z] info    - Authentication is disabled
[2025-04-08T12:04:15.383Z] info    - Using certificate for HTTPS: /home/ucu/.local/share/code-server/localhost.crt
[2025-04-08T12:04:15.383Z] info  Session server listening on /home/ucu/.local/share/code-server/code-server-ipc.sock
[2025-04-08T12:31:04.907Z] info  code-server 4.97.2 34b8d2ed69811c3315a465f01492e9448c9254aa
[2025-04-08T12:31:04.966Z] info  Using user-data-dir /home/ucu/.local/share/code-server
[2025-04-08T12:31:05.189Z] info  Using config file /home/ucu/.config/code-server/config.yaml
[2025-04-08T12:31:05.191Z] info  HTTPS server listening on https://0.0.0.0:3000/
[2025-04-08T12:31:05.191Z] info    - Authentication is disabled
[2025-04-08T12:31:05.192Z] info    - Using certificate for HTTPS: /home/ucu/.local/share/code-server/localhost.crt
[2025-04-08T12:31:05.192Z] info  Session server listening on /home/ucu/.local/share/code-server/code-server-ipc.sock
[2025-04-08T20:02:35.061Z] info  code-server 4.97.2 34b8d2ed69811c3315a465f01492e9448c9254aa
[2025-04-08T20:02:35.104Z] info  Using user-data-dir /home/ucu/.local/share/code-server
[2025-04-08T20:02:35.311Z] info  Using config file /home/ucu/.config/code-server/config.yaml
[2025-04-08T20:02:35.311Z] info  HTTPS server listening on https://0.0.0.0:3000/
[2025-04-08T20:02:35.312Z] info    - Authentication is disabled
[2025-04-08T20:02:35.313Z] info    - Using certificate for HTTPS: /home/ucu/.local/share/code-server/localhost.crt
[2025-04-08T20:02:35.313Z] info  Session server listening on /home/ucu/.local/share/code-server/code-server-ipc.sock
[2025-04-14T07:50:25.704Z] info  code-server 4.97.2 34b8d2ed69811c3315a465f01492e9448c9254aa
[2025-04-14T07:50:25.755Z] info  Using user-data-dir /home/ucu/.local/share/code-server
[2025-04-14T07:50:25.973Z] info  Using config file /home/ucu/.config/code-server/config.yaml
[2025-04-14T07:50:25.973Z] info  HTTPS server listening on https://0.0.0.0:3000/
[2025-04-14T07:50:25.974Z] info    - Authentication is disabled
[2025-04-14T07:50:25.975Z] info    - Using certificate for HTTPS: /home/ucu/.local/share/code-server/localhost.crt
[2025-04-14T07:50:25.975Z] info  Session server listening on /home/ucu/.local/share/code-server/code-server-ipc.sock
[2025-04-14T08:01:12.949Z] info  code-server 4.97.2 34b8d2ed69811c3315a465f01492e9448c9254aa
[2025-04-14T08:01:12.998Z] info  Using user-data-dir /home/ucu/.local/share/code-server
[2025-04-14T08:01:13.258Z] info  Using config file /home/ucu/.config/code-server/config.yaml
[2025-04-14T08:01:13.260Z] info  HTTPS server listening on https://0.0.0.0:3000/
[2025-04-14T08:01:13.260Z] info    - Authentication is disabled
[2025-04-14T08:01:13.260Z] info    - Using certificate for HTTPS: /home/ucu/.local/share/code-server/localhost.crt
[2025-04-14T08:01:13.260Z] info  Session server listening on /home/ucu/.local/share/code-server/code-server-ipc.sock
[2025-04-14T08:46:58.783Z] info  code-server 4.97.2 34b8d2ed69811c3315a465f01492e9448c9254aa
[2025-04-14T08:46:58.838Z] info  Using user-data-dir /home/ucu/.local/share/code-server
[2025-04-14T08:46:59.047Z] info  Using config file /home/ucu/.config/code-server/config.yaml
[2025-04-14T08:46:59.048Z] info  HTTPS server listening on https://0.0.0.0:3000/
[2025-04-14T08:46:59.049Z] info    - Authentication is disabled
[2025-04-14T08:46:59.050Z] info    - Using certificate for HTTPS: /home/ucu/.local/share/code-server/localhost.crt
[2025-04-14T08:46:59.050Z] info  Session server listening on /home/ucu/.local/share/code-server/code-server-ipc.sock
